/home/hsun265/miniconda3/envs/bmi500/lib/python3.12/site-packages/scanpy/_utils/__init__.py:27: FutureWarning: `__version__` is deprecated, use `importlib.metadata.version('anndata')` instead.
  from anndata import __version__ as anndata_version
/home/hsun265/miniconda3/envs/bmi500/lib/python3.12/site-packages/anndata/__init__.py:70: FutureWarning: Importing read_csv from `anndata` is deprecated. Import anndata.io.read_csv instead.
  return module_get_attr_redirect(attr_name, deprecated_mapping=_DEPRECATED)
/home/hsun265/miniconda3/envs/bmi500/lib/python3.12/site-packages/anndata/__init__.py:70: FutureWarning: Importing read_excel from `anndata` is deprecated. Import anndata.io.read_excel instead.
  return module_get_attr_redirect(attr_name, deprecated_mapping=_DEPRECATED)
/home/hsun265/miniconda3/envs/bmi500/lib/python3.12/site-packages/anndata/__init__.py:70: FutureWarning: Importing read_hdf from `anndata` is deprecated. Import anndata.io.read_hdf instead.
  return module_get_attr_redirect(attr_name, deprecated_mapping=_DEPRECATED)
/home/hsun265/miniconda3/envs/bmi500/lib/python3.12/site-packages/anndata/__init__.py:70: FutureWarning: Importing read_loom from `anndata` is deprecated. Import anndata.io.read_loom instead.
  return module_get_attr_redirect(attr_name, deprecated_mapping=_DEPRECATED)
/home/hsun265/miniconda3/envs/bmi500/lib/python3.12/site-packages/anndata/__init__.py:70: FutureWarning: Importing read_mtx from `anndata` is deprecated. Import anndata.io.read_mtx instead.
  return module_get_attr_redirect(attr_name, deprecated_mapping=_DEPRECATED)
/home/hsun265/miniconda3/envs/bmi500/lib/python3.12/site-packages/anndata/__init__.py:70: FutureWarning: Importing read_text from `anndata` is deprecated. Import anndata.io.read_text instead.
  return module_get_attr_redirect(attr_name, deprecated_mapping=_DEPRECATED)
/home/hsun265/miniconda3/envs/bmi500/lib/python3.12/site-packages/anndata/__init__.py:70: FutureWarning: Importing read_umi_tools from `anndata` is deprecated. Import anndata.io.read_umi_tools instead.
  return module_get_attr_redirect(attr_name, deprecated_mapping=_DEPRECATED)
/home/hsun265/miniconda3/envs/bmi500/lib/python3.12/site-packages/louvain/__init__.py:54: UserWarning: pkg_resources is deprecated as an API. See https://setuptools.pypa.io/en/latest/pkg_resources.html. The pkg_resources package is slated for removal as early as 2025-11-30. Refrain from using this package or pin to Setuptools<81.
  from pkg_resources import get_distribution, DistributionNotFound
/home/hsun265/miniconda3/envs/bmi500/lib/python3.12/site-packages/scanpy/logging.py:151: FutureWarning: `__version__` is deprecated, use `importlib.metadata.version('anndata')` instead.
  yield dist_name, imp.__version__
... writing an h5ad cache file to speedup reading next time
filtered out 1 cells that have less than 200 genes expressed
filtered out 18395 genes that are detected in less than 3 cells
normalizing counts per cell
    finished (0:00:00)
extracting highly variable genes
    finished (0:00:00)
--> added
    'highly_variable', boolean vector (adata.var)
    'means', float vector (adata.var)
    'dispersions', float vector (adata.var)
    'dispersions_norm', float vector (adata.var)
/home/hsun265/miniconda3/envs/bmi500/lib/python3.12/site-packages/scanpy/preprocessing/_scale.py:316: UserWarning: Received a view of an AnnData. Making a copy.
  view_to_actual(adata)
... as `zero_center=True`, sparse input is densified and may lead to large memory consumption
computing PCA
    with n_comps=30
/home/hsun265/miniconda3/envs/bmi500/lib/python3.12/site-packages/scanpy/preprocessing/_pca.py:208: FutureWarning: `__version__` is deprecated, use `importlib.metadata.version('anndata')` instead.
  Version(ad.__version__) < Version("0.9")
    finished (0:00:00)
computing neighbors
/home/hsun265/miniconda3/envs/bmi500/lib/python3.12/site-packages/scanpy/neighbors/__init__.py:411: FutureWarning: The method obsm_keys is deprecated and will be removed in the future. Use obsm instead of obsm_keys. (e.g. `k in adata.obsm` or `adata.obsm.keys() | {'u'}`)
  if "X_diffmap" in adata.obsm_keys():
    using 'X_pca' with n_pcs = 30
    finished: added to `.uns['neighbors']`
    `.obsp['distances']`, distances for each pair of neighbors
    `.obsp['connectivities']`, weighted adjacency matrix (0:00:03)
running Louvain clustering
    using the "louvain" package of Traag (2017)
    finished: found 7 clusters and added
    'louvain', the cluster labels (adata.obs, categorical) (0:00:00)
computing UMAP
    finished: added
    'X_umap', UMAP coordinates (adata.obsm) (0:00:10)
ranking genes
    finished: added to `.uns['rank_genes_groups']`
    'names', sorted np.recarray to be indexed by group ids
    'scores', sorted np.recarray to be indexed by group ids
    'logfoldchanges', sorted np.recarray to be indexed by group ids
    'pvals', sorted np.recarray to be indexed by group ids
    'pvals_adj', sorted np.recarray to be indexed by group ids (0:00:02)
[PROFILE] Imports: 1.791959 seconds
scanpy==1.10.2 anndata==0.12.19 umap==0.5.12 numpy==1.26.4 scipy==1.17.1 pandas==2.3.3 scikit-learn==1.9.1 statsmodels==0.15.0 igraph==0.11.6 louvain==0.8.2 pynndescent==0.6.0
using 1 threads
[PROFILE] Settings: 4.683445 seconds
[PROFILE] Argument parsing: 0.000820 seconds
[PROFILE] Data loading: 0.662625 seconds
[PROFILE] Basic filtering: 0.046406 seconds
[PROFILE] Normalization: 0.012895 seconds
[PROFILE] Highly variable genes: 0.023255 seconds
[PROFILE] Scaling: 0.058259 seconds
[PROFILE] Report adata section: 0.000000 seconds
[PROFILE] PCA: 0.346618 seconds
[PROFILE] Neighbors: 3.286643 seconds
[PROFILE] PAGA/commented section: 0.000000 seconds
[PROFILE] Louvain clustering: 0.242460 seconds
[PROFILE] UMAP: 10.233209 seconds
[PROFILE] Write output: 0.164481 seconds
[PROFILE] Rank genes: 2.771911 seconds
	Command being timed: "python scanpy_pbmc.py --data-dir data --data-set pbmc6k --out-dir data --num-threads 1"
	User time (seconds): 24.03
	System time (seconds): 1.34
	Percent of CPU this job got: 101%
	Elapsed (wall clock) time (h:mm:ss or m:ss): 0:25.07
	Average shared text size (kbytes): 0
	Average unshared data size (kbytes): 0
	Average stack size (kbytes): 0
	Average total size (kbytes): 0
	Maximum resident set size (kbytes): 953356
	Average resident set size (kbytes): 0
	Major (requiring I/O) page faults: 49
	Minor (reclaiming a frame) page faults: 220018
	Voluntary context switches: 15266
	Involuntary context switches: 193
	Swaps: 0
	File system inputs: 107744
	File system outputs: 197736
	Socket messages sent: 0
	Socket messages received: 0
	Signals delivered: 0
	Page size (bytes): 4096
	Exit status: 0
